c:\users\user\documents\khb\class\dx\directx3d\directx3d\x64\debug\vc143.pdb
c:\users\user\documents\khb\class\dx\directx3d\directx3d\x64\debug\vc143.idb
c:\users\user\documents\khb\class\dx\directx3d\directx3d\x64\debug\modelclip.obj
c:\users\user\documents\khb\class\dx\directx3d\directx3d\x64\debug\modelanimatorinstancing.obj
c:\users\user\documents\khb\class\dx\directx3d\directx3d\x64\debug\modelanimator.obj
c:\users\user\documents\khb\class\dx\directx3d\directx3d\x64\debug\transform.obj
c:\users\user\documents\khb\class\dx\directx3d\directx3d\x64\debug\gamemath.obj
c:\users\user\documents\khb\class\dx\directx3d\directx3d\x64\debug\shadow.obj
c:\users\user\documents\khb\class\dx\directx3d\directx3d\x64\debug\refraction.obj
c:\users\user\documents\khb\class\dx\directx3d\directx3d\x64\debug\reflection.obj
c:\users\user\documents\khb\class\dx\directx3d\directx3d\x64\debug\environment.obj
c:\users\user\documents\khb\class\dx\directx3d\directx3d\x64\debug\camera.obj
c:\users\user\documents\khb\class\dx\directx3d\directx3d\x64\debug\spherecollider.obj
c:\users\user\documents\khb\class\dx\directx3d\directx3d\x64\debug\collider.obj
c:\users\user\documents\khb\class\dx\directx3d\directx3d\x64\debug\capsulecollider.obj
c:\users\user\documents\khb\class\dx\directx3d\directx3d\x64\debug\boxcollider.obj
c:\users\user\documents\khb\class\dx\directx3d\directx3d\x64\debug\vertexbuffer.obj
c:\users\user\documents\khb\class\dx\directx3d\directx3d\x64\debug\structuredbuffer.obj
c:\users\user\documents\khb\class\dx\directx3d\directx3d\x64\debug\rawbuffer.obj
c:\users\user\documents\khb\class\dx\directx3d\directx3d\x64\debug\indexbuffer.obj
c:\users\user\documents\khb\class\dx\directx3d\directx3d\x64\debug\constbuffer.obj
c:\users\user\documents\khb\class\dx\directx3d\directx3d\x64\debug\directx3d.obj
c:\users\user\documents\khb\class\dx\directx3d\directx3d\x64\debug\samplerstate.obj
c:\users\user\documents\khb\class\dx\directx3d\directx3d\x64\debug\rasterizerstate.obj
c:\users\user\documents\khb\class\dx\directx3d\directx3d\x64\debug\depthstencilstate.obj
c:\users\user\documents\khb\class\dx\directx3d\directx3d\x64\debug\blendstate.obj
c:\users\user\documents\khb\class\dx\directx3d\directx3d\x64\debug\vertexshader.obj
c:\users\user\documents\khb\class\dx\directx3d\directx3d\x64\debug\shader.obj
c:\users\user\documents\khb\class\dx\directx3d\directx3d\x64\debug\pixelshader.obj
c:\users\user\documents\khb\class\dx\directx3d\directx3d\x64\debug\hullshader.obj
c:\users\user\documents\khb\class\dx\directx3d\directx3d\x64\debug\geometryshader.obj
c:\users\user\documents\khb\class\dx\directx3d\directx3d\x64\debug\domainshader.obj
c:\users\user\documents\khb\class\dx\directx3d\directx3d\x64\debug\computeshader.obj
c:\users\user\documents\khb\class\dx\directx3d\directx3d\x64\debug\texture.obj
c:\users\user\documents\khb\class\dx\directx3d\directx3d\x64\debug\rendertarget.obj
c:\users\user\documents\khb\class\dx\directx3d\directx3d\x64\debug\material.obj
c:\users\user\documents\khb\class\dx\directx3d\directx3d\x64\debug\gbuffer.obj
c:\users\user\documents\khb\class\dx\directx3d\directx3d\x64\debug\depthstencil.obj
c:\users\user\documents\khb\class\dx\directx3d\directx3d\x64\debug\model.obj
c:\users\user\documents\khb\class\dx\directx3d\directx3d\x64\debug\modelmesh.obj
c:\users\user\documents\khb\class\dx\directx3d\directx3d\x64\debug\modelinstancing.obj
c:\users\user\documents\khb\class\dx\directx3d\directx3d\x64\debug\modelexporter.obj
c:\users\user\documents\khb\class\dx\directx3d\directx3d\x64\debug\sphere.obj
c:\users\user\documents\khb\class\dx\directx3d\directx3d\x64\debug\quad.obj
c:\users\user\documents\khb\class\dx\directx3d\directx3d\x64\debug\gameobject.obj
c:\users\user\documents\khb\class\dx\directx3d\directx3d\x64\debug\cylinder.obj
c:\users\user\documents\khb\class\dx\directx3d\directx3d\x64\debug\cube.obj
c:\users\user\documents\khb\class\dx\directx3d\directx3d\x64\debug\node.obj
c:\users\user\documents\khb\class\dx\directx3d\directx3d\x64\debug\heap.obj
c:\users\user\documents\khb\class\dx\directx3d\directx3d\x64\debug\astar.obj
c:\users\user\documents\khb\class\dx\directx3d\directx3d\x64\debug\scenemanager.obj
c:\users\user\documents\khb\class\dx\directx3d\directx3d\x64\debug\gamemanager.obj
c:\users\user\documents\khb\class\dx\directx3d\directx3d\x64\debug\utility.obj
c:\users\user\documents\khb\class\dx\directx3d\directx3d\x64\debug\tinyxml2.obj
c:\users\user\documents\khb\class\dx\directx3d\directx3d\x64\debug\timer.obj
c:\users\user\documents\khb\class\dx\directx3d\directx3d\x64\debug\observer.obj
c:\users\user\documents\khb\class\dx\directx3d\directx3d\x64\debug\keyboard.obj
c:\users\user\documents\khb\class\dx\directx3d\directx3d\x64\debug\font.obj
c:\users\user\documents\khb\class\dx\directx3d\directx3d\x64\debug\binarywriter.obj
c:\users\user\documents\khb\class\dx\directx3d\directx3d\x64\debug\binaryreader.obj
c:\users\user\documents\khb\class\dx\directx3d\directx3d\x64\debug\audio.obj
c:\users\user\documents\khb\class\dx\directx3d\directx3d\x64\debug\device.obj
c:\users\user\documents\khb\class\dx\directx3d\directx3d\x64\debug\rain.obj
c:\users\user\documents\khb\class\dx\directx3d\directx3d\x64\debug\particlesystem.obj
c:\users\user\documents\khb\class\dx\directx3d\directx3d\x64\debug\particle.obj
c:\users\user\documents\khb\class\dx\directx3d\directx3d\x64\debug\steve.obj
c:\users\user\documents\khb\class\dx\directx3d\directx3d\x64\debug\mineui.obj
c:\users\user\documents\khb\class\dx\directx3d\directx3d\x64\debug\blockmanager.obj
c:\users\user\documents\khb\class\dx\directx3d\directx3d\x64\debug\robotmanager.obj
c:\users\user\documents\khb\class\dx\directx3d\directx3d\x64\debug\particlemanager.obj
c:\users\user\documents\khb\class\dx\directx3d\directx3d\x64\debug\kunaimanager.obj
c:\users\user\documents\khb\class\dx\directx3d\directx3d\x64\debug\water.obj
c:\users\user\documents\khb\class\dx\directx3d\directx3d\x64\debug\terrainlod.obj
c:\users\user\documents\khb\class\dx\directx3d\directx3d\x64\debug\terraineditor.obj
c:\users\user\documents\khb\class\dx\directx3d\directx3d\x64\debug\terraindata.obj
c:\users\user\documents\khb\class\dx\directx3d\directx3d\x64\debug\terrain.obj
c:\users\user\documents\khb\class\dx\directx3d\directx3d\x64\debug\skybox.obj
c:\users\user\documents\khb\class\dx\directx3d\directx3d\x64\debug\quadtreeterrain.obj
c:\users\user\documents\khb\class\dx\directx3d\directx3d\x64\debug\robot.obj
c:\users\user\documents\khb\class\dx\directx3d\directx3d\x64\debug\naruto.obj
c:\users\user\documents\khb\class\dx\directx3d\directx3d\x64\debug\human.obj
c:\users\user\documents\khb\class\dx\directx3d\directx3d\x64\debug\fox.obj
c:\users\user\documents\khb\class\dx\directx3d\directx3d\x64\debug\modelexportscene.obj
c:\users\user\documents\khb\class\dx\directx3d\directx3d\x64\debug\modelanimationscene.obj
c:\users\user\documents\khb\class\dx\directx3d\directx3d\x64\debug\minecraftscene.obj
c:\users\user\documents\khb\class\dx\directx3d\directx3d\x64\debug\lightscene.obj
c:\users\user\documents\khb\class\dx\directx3d\directx3d\x64\debug\instancingscene.obj
c:\users\user\documents\khb\class\dx\directx3d\directx3d\x64\debug\gridscene.obj
c:\users\user\documents\khb\class\dx\directx3d\directx3d\x64\debug\gamescene.obj
c:\users\user\documents\khb\class\dx\directx3d\directx3d\x64\debug\deferredscene.obj
c:\users\user\documents\khb\class\dx\directx3d\directx3d\x64\debug\cubescene.obj
c:\users\user\documents\khb\class\dx\directx3d\directx3d\x64\debug\collisionscene.obj
c:\users\user\documents\khb\class\dx\directx3d\directx3d\x64\debug\billboardscene.obj
c:\users\user\documents\khb\class\dx\directx3d\directx3d\x64\debug\astarscene.obj
c:\users\user\documents\khb\class\dx\directx3d\directx3d\x64\debug\actionscene.obj
c:\users\user\documents\khb\class\dx\directx3d\directx3d\x64\debug\kunai.obj
c:\users\user\documents\khb\class\dx\directx3d\directx3d\x64\debug\crowbar.obj
c:\users\user\documents\khb\class\dx\directx3d\directx3d\x64\debug\progressbar.obj
c:\users\user\documents\khb\class\dx\directx3d\directx3d\x64\debug\trail.obj
c:\users\user\documents\khb\class\dx\directx3d\directx3d\x64\debug\sprite.obj
c:\users\user\documents\khb\class\dx\directx3d\directx3d\x64\debug\spark.obj
c:\users\user\documents\khb\class\dx\directx3d\directx3d\x64\debug\snow.obj
c:\users\user\documents\khb\class\dx\directx3d\directx3d\x64\debug\waterscene.obj
c:\users\user\documents\khb\class\dx\directx3d\directx3d\x64\debug\tutorialscene.obj
c:\users\user\documents\khb\class\dx\directx3d\directx3d\x64\debug\traileffectscene.obj
c:\users\user\documents\khb\class\dx\directx3d\directx3d\x64\debug\tessellationscene.obj
c:\users\user\documents\khb\class\dx\directx3d\directx3d\x64\debug\terrainscene.obj
c:\users\user\documents\khb\class\dx\directx3d\directx3d\x64\debug\terrainlodscene.obj
c:\users\user\documents\khb\class\dx\directx3d\directx3d\x64\debug\terraineditorscene.obj
c:\users\user\documents\khb\class\dx\directx3d\directx3d\x64\debug\spherescene.obj
c:\users\user\documents\khb\class\dx\directx3d\directx3d\x64\debug\shadowscene.obj
c:\users\user\documents\khb\class\dx\directx3d\directx3d\x64\debug\rendertargetscene.obj
c:\users\user\documents\khb\class\dx\directx3d\directx3d\x64\debug\quadtreescene.obj
c:\users\user\documents\khb\class\dx\directx3d\directx3d\x64\debug\particletoolscene.obj
c:\users\user\documents\khb\class\dx\directx3d\directx3d\x64\debug\particlescene.obj
c:\users\user\documents\khb\class\dx\directx3d\directx3d\x64\debug\modelrenderscene.obj
c:\users\user\documents\khb\class\dx\directx3d\directx3d\x64\debug\directx3d.pch
c:\users\user\documents\khb\class\dx\directx3d\directx3d\x64\debug\framework.obj
c:\users\user\documents\khb\class\dx\directx3d\directx3d\x64\debug\scattering.obj
c:\users\user\documents\khb\class\dx\directx3d\directx3d\x64\debug\scatteringscene.obj
c:\users\user\documents\khb\class\dx\directx3d\x64\debug\collider.cso
c:\users\user\documents\khb\class\dx\directx3d\x64\debug\texture.cso
c:\users\user\documents\khb\class\dx\directx3d\x64\debug\grid.cso
c:\users\user\documents\khb\class\dx\directx3d\x64\debug\byteaddress.cso
c:\users\user\documents\khb\class\dx\directx3d\x64\debug\computepicking.cso
c:\users\user\documents\khb\class\dx\directx3d\x64\debug\particle.cso
c:\users\user\documents\khb\class\dx\directx3d\x64\debug\reflection.cso
c:\users\user\documents\khb\class\dx\directx3d\x64\debug\refraction.cso
c:\users\user\documents\khb\class\dx\directx3d\x64\debug\water.cso
c:\users\user\documents\khb\class\dx\directx3d\x64\debug\billboard.cso
c:\users\user\documents\khb\class\dx\directx3d\x64\debug\rain.cso
c:\users\user\documents\khb\class\dx\directx3d\x64\debug\snow.cso
c:\users\user\documents\khb\class\dx\directx3d\x64\debug\spark.cso
c:\users\user\documents\khb\class\dx\directx3d\x64\debug\sprite.cso
c:\users\user\documents\khb\class\dx\directx3d\x64\debug\skybox.cso
c:\users\user\documents\khb\class\dx\directx3d\x64\debug\terrain.cso
c:\users\user\documents\khb\class\dx\directx3d\x64\debug\terraineditor.cso
c:\users\user\documents\khb\class\dx\directx3d\x64\debug\animgbuffer.cso
c:\users\user\documents\khb\class\dx\directx3d\x64\debug\deferred.cso
c:\users\user\documents\khb\class\dx\directx3d\x64\debug\depthmap.cso
c:\users\user\documents\khb\class\dx\directx3d\x64\debug\gbuffer.cso
c:\users\user\documents\khb\class\dx\directx3d\x64\debug\light.cso
c:\users\user\documents\khb\class\dx\directx3d\x64\debug\shadow.cso
c:\users\user\documents\khb\class\dx\directx3d\x64\debug\modelanimation.cso
c:\users\user\documents\khb\class\dx\directx3d\x64\debug\modelanimationinstancing.cso
c:\users\user\documents\khb\class\dx\directx3d\x64\debug\modelinstancing.cso
c:\users\user\documents\khb\class\dx\directx3d\x64\debug\bloom.cso
c:\users\user\documents\khb\class\dx\directx3d\x64\debug\fog.cso
c:\users\user\documents\khb\class\dx\directx3d\x64\debug\rectangle.cso
c:\users\user\documents\khb\class\dx\directx3d\x64\debug\terrainlod.cso
c:\users\user\documents\khb\class\dx\directx3d\x64\debug\triangle.cso
c:\users\user\documents\khb\class\dx\directx3d\x64\debug\progressbar.cso
c:\users\user\documents\khb\class\dx\directx3d\x64\debug\scattering.cso
c:\users\user\documents\khb\class\dx\directx3d\x64\debug\scatteringtarget.cso
c:\users\user\documents\khb\class\dx\directx3d\x64\debug\directx3d.lib
c:\users\user\documents\khb\class\dx\directx3d\x64\debug\directx3d.exp
c:\users\user\documents\khb\class\dx\directx3d\x64\debug\directx3d.exe
c:\users\user\documents\khb\class\dx\directx3d\directx3d\x64\debug\directx3d.ilk
c:\users\user\documents\khb\class\dx\directx3d\x64\debug\directx3d.pdb
c:\users\user\documents\khb\class\dx\directx3d\directx3d\x64\debug\directx3d.res
c:\users\user\documents\khb\class\dx\directx3d\directx3d\x64\debug\directx3d.tlog\cl.command.1.tlog
c:\users\user\documents\khb\class\dx\directx3d\directx3d\x64\debug\directx3d.tlog\cl.read.1.tlog
c:\users\user\documents\khb\class\dx\directx3d\directx3d\x64\debug\directx3d.tlog\cl.write.1.tlog
c:\users\user\documents\khb\class\dx\directx3d\directx3d\x64\debug\directx3d.tlog\fxc.command.1.tlog
c:\users\user\documents\khb\class\dx\directx3d\directx3d\x64\debug\directx3d.tlog\fxc.read.1.tlog
c:\users\user\documents\khb\class\dx\directx3d\directx3d\x64\debug\directx3d.tlog\fxc.write.1.tlog
c:\users\user\documents\khb\class\dx\directx3d\directx3d\x64\debug\directx3d.tlog\link.command.1.tlog
c:\users\user\documents\khb\class\dx\directx3d\directx3d\x64\debug\directx3d.tlog\link.read.1.tlog
c:\users\user\documents\khb\class\dx\directx3d\directx3d\x64\debug\directx3d.tlog\link.write.1.tlog
c:\users\user\documents\khb\class\dx\directx3d\directx3d\x64\debug\directx3d.tlog\link.write.2u.tlog
c:\users\user\documents\khb\class\dx\directx3d\directx3d\x64\debug\directx3d.tlog\rc.command.1.tlog
c:\users\user\documents\khb\class\dx\directx3d\directx3d\x64\debug\directx3d.tlog\rc.read.1.tlog
c:\users\user\documents\khb\class\dx\directx3d\directx3d\x64\debug\directx3d.tlog\rc.write.1.tlog
